bf\mfptps\appgestionsconges\entities\Agent.class
bf\mfptps\appgestionsconges\entities\NotificationAgent.class
bf\mfptps\appgestionsconges\entities\Utilisateur.class
bf\mfptps\appgestionsconges\repositories\CorpsRepository.class
bf\mfptps\appgestionsconges\config\ApplicationProperties$Security.class
bf\mfptps\appgestionsconges\service\dto\AuthenticationInformationDto.class
bf\mfptps\appgestionsconges\entities\MotifAbsence.class
bf\mfptps\appgestionsconges\repositories\MinistereStructureRepository.class
bf\mfptps\appgestionsconges\repositories\PrivilegeRepository.class
bf\mfptps\appgestionsconges\service\mapper\CorpsMapperImpl.class
bf\mfptps\appgestionsconges\web\PrivilegeController.class
bf\mfptps\appgestionsconges\service\dto\DocumentDTO.class
bf\mfptps\appgestionsconges\utils\ResponseMessage.class
bf\mfptps\appgestionsconges\service\MailService.class
bf\mfptps\appgestionsconges\entities\MinistereStructure.class
bf\mfptps\appgestionsconges\config\SwaggerConfig.class
bf\mfptps\appgestionsconges\security\DomainUserDetailService.class
bf\mfptps\appgestionsconges\service\dto\ExempleDTO.class
bf\mfptps\appgestionsconges\security\SpringSecurityAuditorAware.class
bf\mfptps\appgestionsconges\service\dto\VisaDTO.class
bf\mfptps\appgestionsconges\service\impl\DocumentServiceImpl.class
bf\mfptps\appgestionsconges\repositories\NotificationRepository.class
bf\mfptps\appgestionsconges\service\mapper\TypeActeMapperImpl.class
bf\mfptps\appgestionsconges\entities\Exemple.class
bf\mfptps\appgestionsconges\service\UsernameAlreadyUsedException.class
bf\mfptps\appgestionsconges\web\AgentController.class
bf\mfptps\appgestionsconges\service\impl\TypeActeServiceImpl.class
bf\mfptps\appgestionsconges\service\NotificationService.class
bf\mfptps\appgestionsconges\config\SecurityConfiguration.class
bf\mfptps\appgestionsconges\web\AgentJWTController.class
bf\mfptps\appgestionsconges\service\mapper\VisaMapperImpl.class
bf\mfptps\appgestionsconges\web\MinistereController.class
bf\mfptps\appgestionsconges\service\mapper\StructureMapper.class
bf\mfptps\appgestionsconges\service\mapper\DemandeMapper.class
bf\mfptps\appgestionsconges\aop\LoggingAspect.class
bf\mfptps\appgestionsconges\config\AppDataInitializer.class
bf\mfptps\appgestionsconges\service\AgentService.class
bf\mfptps\appgestionsconges\entities\CommonEntity.class
bf\mfptps\appgestionsconges\service\mapper\MinistereMapper.class
bf\mfptps\appgestionsconges\web\ProfileController.class
bf\mfptps\appgestionsconges\config\DatabaseConfiguration.class
bf\mfptps\appgestionsconges\service\mapper\DocumentMapperImpl.class
bf\mfptps\appgestionsconges\web\AccountController$1.class
bf\mfptps\appgestionsconges\security\jwt\TokenProvider.class
bf\mfptps\appgestionsconges\web\exceptions\CustomException.class
bf\mfptps\appgestionsconges\service\dto\NotificationAgentDTO.class
bf\mfptps\appgestionsconges\service\impl\ArticleServiceImpl.class
bf\mfptps\appgestionsconges\service\dto\MinistereStructureDTO.class
bf\mfptps\appgestionsconges\service\DemandeService.class
bf\mfptps\appgestionsconges\service\mapper\TypeDemandeMapperImpl.class
bf\mfptps\appgestionsconges\service\dto\DemandeDTO.class
bf\mfptps\appgestionsconges\service\dto\TypeVisaDTO.class
bf\mfptps\appgestionsconges\service\mapper\CorpsMapper.class
bf\mfptps\appgestionsconges\web\exceptions\EmailAlreadyUsedException.class
bf\mfptps\appgestionsconges\web\exceptions\BadRequestAlertException.class
bf\mfptps\appgestionsconges\service\AmpliationService.class
bf\mfptps\appgestionsconges\entities\Ministere.class
bf\mfptps\appgestionsconges\service\NotificationAgentService.class
bf\mfptps\appgestionsconges\service\EmailAlreadyUsedException.class
bf\mfptps\appgestionsconges\service\ActeService.class
bf\mfptps\appgestionsconges\service\mapper\AvisMapperImpl.class
bf\mfptps\appgestionsconges\utils\PaginationUtil.class
bf\mfptps\appgestionsconges\config\Constants.class
bf\mfptps\appgestionsconges\entities\Corps.class
bf\mfptps\appgestionsconges\web\CorpsController.class
bf\mfptps\appgestionsconges\entities\Ampliation.class
bf\mfptps\appgestionsconges\web\exceptions\ErrorConstants.class
bf\mfptps\appgestionsconges\security\jwt\TokenProvider$1.class
bf\mfptps\appgestionsconges\web\AmpliationController.class
bf\mfptps\appgestionsconges\service\dto\ProfileDTO.class
bf\mfptps\appgestionsconges\service\impl\StructureServiceImpl.class
bf\mfptps\appgestionsconges\repositories\StructureRepository.class
bf\mfptps\appgestionsconges\service\ProfileService.class
bf\mfptps\appgestionsconges\web\exceptions\FieldError.class
bf\mfptps\appgestionsconges\web\vm\AffectationVM.class
bf\mfptps\appgestionsconges\web\vm\KeyAndPasswordVM.class
bf\mfptps\appgestionsconges\entities\Profile.class
bf\mfptps\appgestionsconges\entities\TypeStructure.class
bf\mfptps\appgestionsconges\entities\Document.class
bf\mfptps\appgestionsconges\service\mapper\ProfileMapperImpl.class
bf\mfptps\appgestionsconges\service\mapper\ProfileMapper.class
bf\mfptps\appgestionsconges\service\dto\MinistereDTO.class
bf\mfptps\appgestionsconges\service\mapper\MinistereMapperImpl.class
bf\mfptps\appgestionsconges\config\ApplicationProperties$Cache$Ehcache.class
bf\mfptps\appgestionsconges\service\dto\NotificationDTO.class
bf\mfptps\appgestionsconges\entities\Demande.class
bf\mfptps\appgestionsconges\web\DemandeController.class
bf\mfptps\appgestionsconges\service\mapper\NotificationAgentMapper.class
bf\mfptps\appgestionsconges\service\dto\UserDataInformation.class
bf\mfptps\appgestionsconges\service\InvalidPasswordException.class
bf\mfptps\appgestionsconges\repositories\VisaRepository.class
bf\mfptps\appgestionsconges\service\mapper\AmpliationMapperImpl.class
bf\mfptps\appgestionsconges\service\mapper\NotificationMapper.class
bf\mfptps\appgestionsconges\config\LoggingAspectConfiguration.class
bf\mfptps\appgestionsconges\service\dto\CorpsDTO.class
bf\mfptps\appgestionsconges\repositories\TypeActeRepository.class
bf\mfptps\appgestionsconges\config\CacheConfiguration.class
bf\mfptps\appgestionsconges\utils\HeaderUtil.class
bf\mfptps\appgestionsconges\service\dto\AbstractAuditingDTO.class
bf\mfptps\appgestionsconges\service\mapper\MinistereStructureMapper.class
bf\mfptps\appgestionsconges\config\WebConfigurer.class
bf\mfptps\appgestionsconges\security\jwt\JWTFilter.class
bf\mfptps\appgestionsconges\service\mapper\ArticleMapper.class
bf\mfptps\appgestionsconges\config\MailProperties.class
bf\mfptps\appgestionsconges\service\impl\ActeServiceImpl$1.class
bf\mfptps\appgestionsconges\service\MinistereStructureService.class
bf\mfptps\appgestionsconges\repositories\TypeDemandeRepository.class
bf\mfptps\appgestionsconges\entities\Structure.class
bf\mfptps\appgestionsconges\service\mapper\ArticleMapperImpl.class
bf\mfptps\appgestionsconges\entities\AgentStructure.class
bf\mfptps\appgestionsconges\service\dto\ActivatedPassword.class
bf\mfptps\appgestionsconges\repositories\AvisRepository.class
bf\mfptps\appgestionsconges\service\dto\AmpliationDTO.class
bf\mfptps\appgestionsconges\service\impl\TypeStructureServiceImpl.class
bf\mfptps\appgestionsconges\repositories\UtilisateurRepository.class
bf\mfptps\appgestionsconges\repositories\ArticleRepository.class
bf\mfptps\appgestionsconges\utils\ResponseUtil.class
bf\mfptps\appgestionsconges\entities\Article.class
bf\mfptps\appgestionsconges\utils\PrefixedSimpleKey.class
bf\mfptps\appgestionsconges\repositories\AgentStructureRepository.class
bf\mfptps\appgestionsconges\service\impl\CorpsServiceImpl.class
bf\mfptps\appgestionsconges\service\impl\MinistereStructureImpl.class
bf\mfptps\appgestionsconges\service\dto\AgentStructureDTO.class
bf\mfptps\appgestionsconges\service\MinistereService.class
bf\mfptps\appgestionsconges\web\NotificationController.class
bf\mfptps\appgestionsconges\service\mapper\ModalitePaieMapperImpl.class
bf\mfptps\appgestionsconges\security\UserNotActivatedException.class
bf\mfptps\appgestionsconges\utils\AppUtil.class
bf\mfptps\appgestionsconges\web\exceptions\LoginAlreadyUsedException.class
bf\mfptps\appgestionsconges\web\TypeStructureController.class
bf\mfptps\appgestionsconges\service\dto\ActeDTO.class
bf\mfptps\appgestionsconges\service\impl\AmpliationServiceImpl.class
bf\mfptps\appgestionsconges\repositories\DemandeRepository.class
bf\mfptps\appgestionsconges\repositories\NotificationAgentRepository.class
bf\mfptps\appgestionsconges\service\mapper\AgentMapperImpl.class
bf\mfptps\appgestionsconges\service\mapper\NotificationMapperImpl.class
bf\mfptps\appgestionsconges\service\DocumentService.class
bf\mfptps\appgestionsconges\repositories\TypeStructureRepository.class
bf\mfptps\appgestionsconges\config\ApplicationProperties$Cache.class
bf\mfptps\appgestionsconges\service\dto\ArticleDTO.class
bf\mfptps\appgestionsconges\web\AccountController$AccountControllerException.class
bf\mfptps\appgestionsconges\web\vm\EmailVM.class
bf\mfptps\appgestionsconges\repositories\ProfileRepository.class
bf\mfptps\appgestionsconges\entities\Privilege.class
bf\mfptps\appgestionsconges\web\DocumentController.class
bf\mfptps\appgestionsconges\service\impl\EmailServiceImpl.class
bf\mfptps\appgestionsconges\utils\RandomUtil.class
bf\mfptps\appgestionsconges\entities\Notification.class
bf\mfptps\appgestionsconges\security\jwt\JWTConfigurer.class
bf\mfptps\appgestionsconges\service\dto\StructureDTO.class
bf\mfptps\appgestionsconges\security\SecurityUtils.class
bf\mfptps\appgestionsconges\service\mapper\TypeVisaMapperImpl.class
bf\mfptps\appgestionsconges\enums\EStatusActe.class
bf\mfptps\appgestionsconges\service\CorpsService.class
bf\mfptps\appgestionsconges\service\mapper\ActeMapperImpl.class
bf\mfptps\appgestionsconges\config\ApplicationProperties$Mail.class
bf\mfptps\appgestionsconges\web\exceptions\InvalidPasswordException.class
bf\mfptps\appgestionsconges\enums\EPorteActe.class
bf\mfptps\appgestionsconges\repositories\AmpliationRepository.class
bf\mfptps\appgestionsconges\web\StructureController.class
bf\mfptps\appgestionsconges\web\ArticleController.class
bf\mfptps\appgestionsconges\AppGestionsCongesApplication.class
bf\mfptps\appgestionsconges\config\ApplicationProperties$Security$Authentication.class
bf\mfptps\appgestionsconges\queryCriteria\DemandeQueryCriteria.class
bf\mfptps\appgestionsconges\service\CustomException.class
bf\mfptps\appgestionsconges\repositories\TypeVisaRepository.class
bf\mfptps\appgestionsconges\service\mapper\StructureMapperImpl.class
bf\mfptps\appgestionsconges\enums\EStatusDemande.class
bf\mfptps\appgestionsconges\service\TypeStructureService.class
bf\mfptps\appgestionsconges\service\mapper\MinistereStructureMapperImpl.class
bf\mfptps\appgestionsconges\repositories\ActeRepository.class
bf\mfptps\appgestionsconges\service\mapper\NotificationAgentMapperImpl.class
bf\mfptps\appgestionsconges\config\JacksonConfiguration.class
bf\mfptps\appgestionsconges\service\impl\MinistereServiceImpl.class
bf\mfptps\appgestionsconges\web\exceptions\NotFoundException.class
bf\mfptps\appgestionsconges\repositories\AgentRepository.class
bf\mfptps\appgestionsconges\utils\PrefixedKeyGenerator.class
bf\mfptps\appgestionsconges\service\dto\TypeDemandeDTO.class
bf\mfptps\appgestionsconges\service\impl\NotificationAgentServiceImpl.class
bf\mfptps\appgestionsconges\service\dto\MotifAbsenceDTO.class
bf\mfptps\appgestionsconges\entities\TypeVisa.class
bf\mfptps\appgestionsconges\service\mapper\EntityMapper.class
bf\mfptps\appgestionsconges\service\StructureService.class
bf\mfptps\appgestionsconges\web\vm\ManagedAgentVM.class
bf\mfptps\appgestionsconges\service\dto\PasswordChangeDTO.class
bf\mfptps\appgestionsconges\service\mapper\AmpliationMapper.class
bf\mfptps\appgestionsconges\service\impl\ProfileServiceImpl.class
bf\mfptps\appgestionsconges\web\MinistereStructureController.class
bf\mfptps\appgestionsconges\service\impl\DemandeServiceImpl.class
bf\mfptps\appgestionsconges\service\mapper\ArticleTypeDemandeMapperImpl.class
bf\mfptps\appgestionsconges\service\mapper\DocumentMapper.class
bf\mfptps\appgestionsconges\config\ApplicationProperties.class
bf\mfptps\appgestionsconges\web\exceptions\ExceptionTranslator.class
bf\mfptps\appgestionsconges\entities\Avis.class
bf\mfptps\appgestionsconges\entities\Visa.class
bf\mfptps\appgestionsconges\service\mapper\DemandeMapperImpl.class
bf\mfptps\appgestionsconges\service\ArticleService.class
bf\mfptps\appgestionsconges\config\ApplicationProperties$Security$Authentication$Jwt.class
bf\mfptps\appgestionsconges\utils\H2Config.class
bf\mfptps\appgestionsconges\repositories\MinistereRepository.class
bf\mfptps\appgestionsconges\service\dto\TypeActeDTO.class
bf\mfptps\appgestionsconges\entities\Acte.class
bf\mfptps\appgestionsconges\service\mapper\MotifAbsenceMapperImpl.class
bf\mfptps\appgestionsconges\entities\TypeDemande.class
bf\mfptps\appgestionsconges\utils\AppProfile.class
bf\mfptps\appgestionsconges\web\vm\ProfilerVM.class
bf\mfptps\appgestionsconges\web\AccountController.class
bf\mfptps\appgestionsconges\repositories\DocumentRepository.class
bf\mfptps\appgestionsconges\entities\TypeActe.class
bf\mfptps\appgestionsconges\service\impl\PrivilegeServiceImpl.class
bf\mfptps\appgestionsconges\service\dto\AgentDTO.class
bf\mfptps\appgestionsconges\service\impl\NotificationServiceImpl.class
bf\mfptps\appgestionsconges\service\PrivilegeService.class
