D:\Users\brigitte.kientega\Desktop\developpement\app-gestions-conges\src\main\java\bf\mfptps\appgestionsconges\repositories\MinistereRepository.java
D:\Users\brigitte.kientega\Desktop\developpement\app-gestions-conges\src\main\java\bf\mfptps\appgestionsconges\service\dto\PayData.java
D:\Users\brigitte.kientega\Desktop\developpement\app-gestions-conges\src\main\java\bf\mfptps\appgestionsconges\repositories\TypeDemandeRepository.java
D:\Users\brigitte.kientega\Desktop\developpement\app-gestions-conges\src\main\java\bf\mfptps\appgestionsconges\config\SwaggerConfig.java
D:\Users\brigitte.kientega\Desktop\developpement\app-gestions-conges\src\main\java\bf\mfptps\appgestionsconges\repositories\VisaRepository.java
D:\Users\brigitte.kientega\Desktop\developpement\app-gestions-conges\src\main\java\bf\mfptps\appgestionsconges\service\dto\TypeVisaDTO.java
D:\Users\brigitte.kientega\Desktop\developpement\app-gestions-conges\src\main\java\bf\mfptps\appgestionsconges\entities\Exemple.java
D:\Users\brigitte.kientega\Desktop\developpement\app-gestions-conges\src\main\java\bf\mfptps\appgestionsconges\service\NotificationService.java
D:\Users\brigitte.kientega\Desktop\developpement\app-gestions-conges\src\main\java\bf\mfptps\appgestionsconges\service\AgentService.java
D:\Users\brigitte.kientega\Desktop\developpement\app-gestions-conges\src\main\java\bf\mfptps\appgestionsconges\service\DemandeService.java
D:\Users\brigitte.kientega\Desktop\developpement\app-gestions-conges\src\main\java\bf\mfptps\appgestionsconges\utils\AppUtil.java
D:\Users\brigitte.kientega\Desktop\developpement\app-gestions-conges\src\main\java\bf\mfptps\appgestionsconges\service\MailService.java
D:\Users\brigitte.kientega\Desktop\developpement\app-gestions-conges\src\main\java\bf\mfptps\appgestionsconges\config\MailProperties.java
D:\Users\brigitte.kientega\Desktop\developpement\app-gestions-conges\src\main\java\bf\mfptps\appgestionsconges\repositories\StructureRepository.java
D:\Users\brigitte.kientega\Desktop\developpement\app-gestions-conges\src\main\java\bf\mfptps\appgestionsconges\utils\HeaderUtil.java
D:\Users\brigitte.kientega\Desktop\developpement\app-gestions-conges\src\main\java\bf\mfptps\appgestionsconges\service\EmailAlreadyUsedException.java
D:\Users\brigitte.kientega\Desktop\developpement\app-gestions-conges\src\main\java\bf\mfptps\appgestionsconges\web\ActeController.java
D:\Users\brigitte.kientega\Desktop\developpement\app-gestions-conges\src\main\java\bf\mfptps\appgestionsconges\service\dto\AmpliationDTO.java
D:\Users\brigitte.kientega\Desktop\developpement\app-gestions-conges\src\main\java\bf\mfptps\appgestionsconges\service\mapper\NotificationMapper.java
D:\Users\brigitte.kientega\Desktop\developpement\app-gestions-conges\src\main\java\bf\mfptps\appgestionsconges\service\impl\CorpsServiceImpl.java
D:\Users\brigitte.kientega\Desktop\developpement\app-gestions-conges\src\main\java\bf\mfptps\appgestionsconges\utils\AppProfile.java
D:\Users\brigitte.kientega\Desktop\developpement\app-gestions-conges\src\main\java\bf\mfptps\appgestionsconges\web\exceptions\ExceptionTranslator.java
D:\Users\brigitte.kientega\Desktop\developpement\app-gestions-conges\src\main\java\bf\mfptps\appgestionsconges\web\ArticleController.java
D:\Users\brigitte.kientega\Desktop\developpement\app-gestions-conges\src\main\java\bf\mfptps\appgestionsconges\web\TypeStructureController.java
D:\Users\brigitte.kientega\Desktop\developpement\app-gestions-conges\src\main\java\bf\mfptps\appgestionsconges\repositories\MinistereStructureRepository.java
D:\Users\brigitte.kientega\Desktop\developpement\app-gestions-conges\src\main\java\bf\mfptps\appgestionsconges\repositories\NotificationAgentRepository.java
D:\Users\brigitte.kientega\Desktop\developpement\app-gestions-conges\src\main\java\bf\mfptps\appgestionsconges\security\jwt\JWTFilter.java
D:\Users\brigitte.kientega\Desktop\developpement\app-gestions-conges\src\main\java\bf\mfptps\appgestionsconges\web\vm\ManagedAgentVM.java
D:\Users\brigitte.kientega\Desktop\developpement\app-gestions-conges\src\main\java\bf\mfptps\appgestionsconges\utils\ResponseMessage.java
D:\Users\brigitte.kientega\Desktop\developpement\app-gestions-conges\src\main\java\bf\mfptps\appgestionsconges\aop\LoggingAspect.java
D:\Users\brigitte.kientega\Desktop\developpement\app-gestions-conges\src\main\java\bf\mfptps\appgestionsconges\entities\Article.java
D:\Users\brigitte.kientega\Desktop\developpement\app-gestions-conges\src\main\java\bf\mfptps\appgestionsconges\service\dto\AgentStructureDTO.java
D:\Users\brigitte.kientega\Desktop\developpement\app-gestions-conges\src\main\java\bf\mfptps\appgestionsconges\config\ApplicationProperties.java
D:\Users\brigitte.kientega\Desktop\developpement\app-gestions-conges\src\main\java\bf\mfptps\appgestionsconges\service\AmpliationService.java
D:\Users\brigitte.kientega\Desktop\developpement\app-gestions-conges\src\main\java\bf\mfptps\appgestionsconges\service\impl\TypeActeServiceImpl.java
D:\Users\brigitte.kientega\Desktop\developpement\app-gestions-conges\src\main\java\bf\mfptps\appgestionsconges\service\mapper\AgentMapper.java
D:\Users\brigitte.kientega\Desktop\developpement\app-gestions-conges\src\main\java\bf\mfptps\appgestionsconges\web\exceptions\InvalidPasswordException.java
D:\Users\brigitte.kientega\Desktop\developpement\app-gestions-conges\src\main\java\bf\mfptps\appgestionsconges\service\impl\MinistereStructureImpl.java
D:\Users\brigitte.kientega\Desktop\developpement\app-gestions-conges\src\main\java\bf\mfptps\appgestionsconges\web\AgentJWTController.java
D:\Users\brigitte.kientega\Desktop\developpement\app-gestions-conges\src\main\java\bf\mfptps\appgestionsconges\web\exceptions\FieldError.java
D:\Users\brigitte.kientega\Desktop\developpement\app-gestions-conges\src\main\java\bf\mfptps\appgestionsconges\service\dto\AbstractAuditingDTO.java
D:\Users\brigitte.kientega\Desktop\developpement\app-gestions-conges\src\main\java\bf\mfptps\appgestionsconges\service\mapper\NotificationAgentMapper.java
D:\Users\brigitte.kientega\Desktop\developpement\app-gestions-conges\src\main\java\bf\mfptps\appgestionsconges\service\dto\StructureDTO.java
D:\Users\brigitte.kientega\Desktop\developpement\app-gestions-conges\src\main\java\bf\mfptps\appgestionsconges\web\PrivilegeController.java
D:\Users\brigitte.kientega\Desktop\developpement\app-gestions-conges\src\main\java\bf\mfptps\appgestionsconges\service\CorpsService.java
D:\Users\brigitte.kientega\Desktop\developpement\app-gestions-conges\src\main\java\bf\mfptps\appgestionsconges\service\ModalitePaieService.java
D:\Users\brigitte.kientega\Desktop\developpement\app-gestions-conges\src\main\java\bf\mfptps\appgestionsconges\service\dto\ModalitePaieDTO.java
D:\Users\brigitte.kientega\Desktop\developpement\app-gestions-conges\src\main\java\bf\mfptps\appgestionsconges\service\mapper\CorpsMapper.java
D:\Users\brigitte.kientega\Desktop\developpement\app-gestions-conges\src\main\java\bf\mfptps\appgestionsconges\service\NotificationAgentService.java
D:\Users\brigitte.kientega\Desktop\developpement\app-gestions-conges\src\main\java\bf\mfptps\appgestionsconges\service\mapper\ActeMapper.java
D:\Users\brigitte.kientega\Desktop\developpement\app-gestions-conges\src\main\java\bf\mfptps\appgestionsconges\web\DocumentController.java
D:\Users\brigitte.kientega\Desktop\developpement\app-gestions-conges\src\main\java\bf\mfptps\appgestionsconges\service\dto\ProfileDTO.java
D:\Users\brigitte.kientega\Desktop\developpement\app-gestions-conges\src\main\java\bf\mfptps\appgestionsconges\service\UsernameAlreadyUsedException.java
D:\Users\brigitte.kientega\Desktop\developpement\app-gestions-conges\src\main\java\bf\mfptps\appgestionsconges\web\AvisController.java
D:\Users\brigitte.kientega\Desktop\developpement\app-gestions-conges\src\main\java\bf\mfptps\appgestionsconges\config\AppDataInitializer.java
D:\Users\brigitte.kientega\Desktop\developpement\app-gestions-conges\src\main\java\bf\mfptps\appgestionsconges\config\SecurityConfiguration.java
D:\Users\brigitte.kientega\Desktop\developpement\app-gestions-conges\src\main\java\bf\mfptps\appgestionsconges\service\mapper\AvisMapper.java
D:\Users\brigitte.kientega\Desktop\developpement\app-gestions-conges\src\main\java\bf\mfptps\appgestionsconges\service\dto\DocumentDTO.java
D:\Users\brigitte.kientega\Desktop\developpement\app-gestions-conges\src\main\java\bf\mfptps\appgestionsconges\web\vm\ProfilerVM.java
D:\Users\brigitte.kientega\Desktop\developpement\app-gestions-conges\src\main\java\bf\mfptps\appgestionsconges\service\impl\ArticleServiceImpl.java
D:\Users\brigitte.kientega\Desktop\developpement\app-gestions-conges\src\main\java\bf\mfptps\appgestionsconges\web\MinistereStructureController.java
D:\Users\brigitte.kientega\Desktop\developpement\app-gestions-conges\src\main\java\bf\mfptps\appgestionsconges\service\mapper\MotifAbsenceMapper.java
D:\Users\brigitte.kientega\Desktop\developpement\app-gestions-conges\src\main\java\bf\mfptps\appgestionsconges\utils\H2Config.java
D:\Users\brigitte.kientega\Desktop\developpement\app-gestions-conges\src\main\java\bf\mfptps\appgestionsconges\service\impl\ActeServiceImpl.java
D:\Users\brigitte.kientega\Desktop\developpement\app-gestions-conges\src\main\java\bf\mfptps\appgestionsconges\utils\PaymentUtil.java
D:\Users\brigitte.kientega\Desktop\developpement\app-gestions-conges\src\main\java\bf\mfptps\appgestionsconges\entities\Document.java
D:\Users\brigitte.kientega\Desktop\developpement\app-gestions-conges\src\main\java\bf\mfptps\appgestionsconges\service\dto\UserDataInformation.java
D:\Users\brigitte.kientega\Desktop\developpement\app-gestions-conges\src\main\java\bf\mfptps\appgestionsconges\service\mapper\DocumentMapper.java
D:\Users\brigitte.kientega\Desktop\developpement\app-gestions-conges\src\main\java\bf\mfptps\appgestionsconges\utils\RandomUtil.java
D:\Users\brigitte.kientega\Desktop\developpement\app-gestions-conges\src\main\java\bf\mfptps\appgestionsconges\web\vm\LoginVM.java
D:\Users\brigitte.kientega\Desktop\developpement\app-gestions-conges\src\main\java\bf\mfptps\appgestionsconges\web\AgentController.java
D:\Users\brigitte.kientega\Desktop\developpement\app-gestions-conges\src\main\java\bf\mfptps\appgestionsconges\web\exceptions\AppTechnicalException.java
D:\Users\brigitte.kientega\Desktop\developpement\app-gestions-conges\src\main\java\bf\mfptps\appgestionsconges\repositories\AvisRepository.java
D:\Users\brigitte.kientega\Desktop\developpement\app-gestions-conges\src\main\java\bf\mfptps\appgestionsconges\service\mapper\AmpliationMapper.java
D:\Users\brigitte.kientega\Desktop\developpement\app-gestions-conges\src\main\java\bf\mfptps\appgestionsconges\utils\PaginationUtil.java
D:\Users\brigitte.kientega\Desktop\developpement\app-gestions-conges\src\main\java\bf\mfptps\appgestionsconges\repositories\ActeRepository.java
D:\Users\brigitte.kientega\Desktop\developpement\app-gestions-conges\src\main\java\bf\mfptps\appgestionsconges\repositories\DocumentRepository.java
D:\Users\brigitte.kientega\Desktop\developpement\app-gestions-conges\src\main\java\bf\mfptps\appgestionsconges\service\ActeService.java
D:\Users\brigitte.kientega\Desktop\developpement\app-gestions-conges\src\main\java\bf\mfptps\appgestionsconges\enums\ETrancheDemande.java
D:\Users\brigitte.kientega\Desktop\developpement\app-gestions-conges\src\main\java\bf\mfptps\appgestionsconges\service\dto\PasswordChangeDTO.java
D:\Users\brigitte.kientega\Desktop\developpement\app-gestions-conges\src\main\java\bf\mfptps\appgestionsconges\service\impl\AvisServiceImpl.java
D:\Users\brigitte.kientega\Desktop\developpement\app-gestions-conges\src\main\java\bf\mfptps\appgestionsconges\web\VisaController.java
D:\Users\brigitte.kientega\Desktop\developpement\app-gestions-conges\src\main\java\bf\mfptps\appgestionsconges\AppGestionsCongesApplication.java
D:\Users\brigitte.kientega\Desktop\developpement\app-gestions-conges\src\main\java\bf\mfptps\appgestionsconges\service\dto\TypeActeDTO.java
D:\Users\brigitte.kientega\Desktop\developpement\app-gestions-conges\src\main\java\bf\mfptps\appgestionsconges\utils\PrefixedKeyGenerator.java
D:\Users\brigitte.kientega\Desktop\developpement\app-gestions-conges\src\main\java\bf\mfptps\appgestionsconges\service\impl\ProfileServiceImpl.java
D:\Users\brigitte.kientega\Desktop\developpement\app-gestions-conges\src\main\java\bf\mfptps\appgestionsconges\repositories\TypeActeRepository.java
D:\Users\brigitte.kientega\Desktop\developpement\app-gestions-conges\src\main\java\bf\mfptps\appgestionsconges\service\dto\PrivilegeDTO.java
D:\Users\brigitte.kientega\Desktop\developpement\app-gestions-conges\src\main\java\bf\mfptps\appgestionsconges\service\TypeVisaService.java
D:\Users\brigitte.kientega\Desktop\developpement\app-gestions-conges\src\main\java\bf\mfptps\appgestionsconges\config\JacksonConfiguration.java
D:\Users\brigitte.kientega\Desktop\developpement\app-gestions-conges\src\main\java\bf\mfptps\appgestionsconges\repositories\PrivilegeRepository.java
D:\Users\brigitte.kientega\Desktop\developpement\app-gestions-conges\src\main\java\bf\mfptps\appgestionsconges\service\AvisService.java
D:\Users\brigitte.kientega\Desktop\developpement\app-gestions-conges\src\main\java\bf\mfptps\appgestionsconges\repositories\DemandeRepository.java
D:\Users\brigitte.kientega\Desktop\developpement\app-gestions-conges\src\main\java\bf\mfptps\appgestionsconges\service\ImportDataService.java
D:\Users\brigitte.kientega\Desktop\developpement\app-gestions-conges\src\main\java\bf\mfptps\appgestionsconges\service\impl\DocumentServiceImpl.java
D:\Users\brigitte.kientega\Desktop\developpement\app-gestions-conges\src\main\java\bf\mfptps\appgestionsconges\entities\Acte.java
D:\Users\brigitte.kientega\Desktop\developpement\app-gestions-conges\src\main\java\bf\mfptps\appgestionsconges\service\mapper\ModalitePaieMapper.java
D:\Users\brigitte.kientega\Desktop\developpement\app-gestions-conges\src\main\java\bf\mfptps\appgestionsconges\web\TypeActeController.java
D:\Users\brigitte.kientega\Desktop\developpement\app-gestions-conges\src\main\java\bf\mfptps\appgestionsconges\config\CacheConfiguration.java
D:\Users\brigitte.kientega\Desktop\developpement\app-gestions-conges\src\main\java\bf\mfptps\appgestionsconges\entities\Ministere.java
D:\Users\brigitte.kientega\Desktop\developpement\app-gestions-conges\src\main\java\bf\mfptps\appgestionsconges\web\CorpsController.java
D:\Users\brigitte.kientega\Desktop\developpement\app-gestions-conges\src\main\java\bf\mfptps\appgestionsconges\service\TypeDemandeService.java
D:\Users\brigitte.kientega\Desktop\developpement\app-gestions-conges\src\main\java\bf\mfptps\appgestionsconges\service\dto\AuthenticationInformationDto.java
D:\Users\brigitte.kientega\Desktop\developpement\app-gestions-conges\src\main\java\bf\mfptps\appgestionsconges\web\exceptions\BadRequestAlertException.java
D:\Users\brigitte.kientega\Desktop\developpement\app-gestions-conges\src\main\java\bf\mfptps\appgestionsconges\repositories\ArticleTypeDemandeRepository.java
D:\Users\brigitte.kientega\Desktop\developpement\app-gestions-conges\src\main\java\bf\mfptps\appgestionsconges\service\MinistereStructureService.java
D:\Users\brigitte.kientega\Desktop\developpement\app-gestions-conges\src\main\java\bf\mfptps\appgestionsconges\web\AvisDemandeController.java
D:\Users\brigitte.kientega\Desktop\developpement\app-gestions-conges\src\main\java\bf\mfptps\appgestionsconges\web\ProfileController.java
D:\Users\brigitte.kientega\Desktop\developpement\app-gestions-conges\src\main\java\bf\mfptps\appgestionsconges\repositories\ProfileRepository.java
D:\Users\brigitte.kientega\Desktop\developpement\app-gestions-conges\src\main\java\bf\mfptps\appgestionsconges\service\impl\VisaServiceImpl.java
D:\Users\brigitte.kientega\Desktop\developpement\app-gestions-conges\src\main\java\bf\mfptps\appgestionsconges\service\mapper\EntityMapper.java
D:\Users\brigitte.kientega\Desktop\developpement\app-gestions-conges\src\main\java\bf\mfptps\appgestionsconges\web\exceptions\CustomException.java
D:\Users\brigitte.kientega\Desktop\developpement\app-gestions-conges\src\main\java\bf\mfptps\appgestionsconges\security\SecurityUtils.java
D:\Users\brigitte.kientega\Desktop\developpement\app-gestions-conges\src\main\java\bf\mfptps\appgestionsconges\utils\PrefixedSimpleKey.java
D:\Users\brigitte.kientega\Desktop\developpement\app-gestions-conges\src\main\java\bf\mfptps\appgestionsconges\entities\Structure.java
D:\Users\brigitte.kientega\Desktop\developpement\app-gestions-conges\src\main\java\bf\mfptps\appgestionsconges\utils\AppDataProvider.java
D:\Users\brigitte.kientega\Desktop\developpement\app-gestions-conges\src\main\java\bf\mfptps\appgestionsconges\entities\TypeStructure.java
D:\Users\brigitte.kientega\Desktop\developpement\app-gestions-conges\src\main\java\bf\mfptps\appgestionsconges\service\impl\EmailServiceImpl.java
D:\Users\brigitte.kientega\Desktop\developpement\app-gestions-conges\src\main\java\bf\mfptps\appgestionsconges\service\dto\ArticleTypeDemandeDTO.java
D:\Users\brigitte.kientega\Desktop\developpement\app-gestions-conges\src\main\java\bf\mfptps\appgestionsconges\service\impl\StructureServiceImpl.java
D:\Users\brigitte.kientega\Desktop\developpement\app-gestions-conges\src\main\java\bf\mfptps\appgestionsconges\service\ArticleTypeDemandeService.java
D:\Users\brigitte.kientega\Desktop\developpement\app-gestions-conges\src\main\java\bf\mfptps\appgestionsconges\web\exceptions\LoginAlreadyUsedException.java
D:\Users\brigitte.kientega\Desktop\developpement\app-gestions-conges\src\main\java\bf\mfptps\appgestionsconges\service\mapper\ArticleTypeDemandeMapper.java
D:\Users\brigitte.kientega\Desktop\developpement\app-gestions-conges\src\main\java\bf\mfptps\appgestionsconges\web\StructureController.java
D:\Users\brigitte.kientega\Desktop\developpement\app-gestions-conges\src\main\java\bf\mfptps\appgestionsconges\entities\Avis.java
D:\Users\brigitte.kientega\Desktop\developpement\app-gestions-conges\src\main\java\bf\mfptps\appgestionsconges\repositories\TypeStructureRepository.java
D:\Users\brigitte.kientega\Desktop\developpement\app-gestions-conges\src\main\java\bf\mfptps\appgestionsconges\repositories\AgentSoldeRepository.java
D:\Users\brigitte.kientega\Desktop\developpement\app-gestions-conges\src\main\java\bf\mfptps\appgestionsconges\web\vm\KeyAndPasswordVM.java
D:\Users\brigitte.kientega\Desktop\developpement\app-gestions-conges\src\main\java\bf\mfptps\appgestionsconges\web\TypeDemandeController.java
D:\Users\brigitte.kientega\Desktop\developpement\app-gestions-conges\src\main\java\bf\mfptps\appgestionsconges\entities\ArticleTypeDemandeKey.java
D:\Users\brigitte.kientega\Desktop\developpement\app-gestions-conges\src\main\java\bf\mfptps\appgestionsconges\entities\NotificationAgent.java
D:\Users\brigitte.kientega\Desktop\developpement\app-gestions-conges\src\main\java\bf\mfptps\appgestionsconges\web\vm\EmailVM.java
D:\Users\brigitte.kientega\Desktop\developpement\app-gestions-conges\src\main\java\bf\mfptps\appgestionsconges\security\jwt\TokenProvider.java
D:\Users\brigitte.kientega\Desktop\developpement\app-gestions-conges\src\main\java\bf\mfptps\appgestionsconges\service\dto\PayInitData.java
D:\Users\brigitte.kientega\Desktop\developpement\app-gestions-conges\src\main\java\bf\mfptps\appgestionsconges\web\ArticleTypeDemandeController.java
D:\Users\brigitte.kientega\Desktop\developpement\app-gestions-conges\src\main\java\bf\mfptps\appgestionsconges\web\vm\AffectationVM.java
D:\Users\brigitte.kientega\Desktop\developpement\app-gestions-conges\src\main\java\bf\mfptps\appgestionsconges\entities\Demande.java
D:\Users\brigitte.kientega\Desktop\developpement\app-gestions-conges\src\main\java\bf\mfptps\appgestionsconges\repositories\CorpsRepository.java
D:\Users\brigitte.kientega\Desktop\developpement\app-gestions-conges\src\main\java\bf\mfptps\appgestionsconges\service\dto\NotificationAgentDTO.java
D:\Users\brigitte.kientega\Desktop\developpement\app-gestions-conges\src\main\java\bf\mfptps\appgestionsconges\service\mapper\MinistereStructureMapper.java
D:\Users\brigitte.kientega\Desktop\developpement\app-gestions-conges\src\main\java\bf\mfptps\appgestionsconges\service\dto\ArticleDTO.java
D:\Users\brigitte.kientega\Desktop\developpement\app-gestions-conges\src\main\java\bf\mfptps\appgestionsconges\service\impl\ArticleTypeDemandeServiceImpl.java
D:\Users\brigitte.kientega\Desktop\developpement\app-gestions-conges\src\main\java\bf\mfptps\appgestionsconges\web\exceptions\NotFoundException.java
D:\Users\brigitte.kientega\Desktop\developpement\app-gestions-conges\src\main\java\bf\mfptps\appgestionsconges\entities\TypeVisa.java
D:\Users\brigitte.kientega\Desktop\developpement\app-gestions-conges\src\main\java\bf\mfptps\appgestionsconges\entities\Notification.java
D:\Users\brigitte.kientega\Desktop\developpement\app-gestions-conges\src\main\java\bf\mfptps\appgestionsconges\service\dto\ActeDTO.java
D:\Users\brigitte.kientega\Desktop\developpement\app-gestions-conges\src\main\java\bf\mfptps\appgestionsconges\config\WebConfigurer.java
D:\Users\brigitte.kientega\Desktop\developpement\app-gestions-conges\src\main\java\bf\mfptps\appgestionsconges\service\MinistereService.java
D:\Users\brigitte.kientega\Desktop\developpement\app-gestions-conges\src\main\java\bf\mfptps\appgestionsconges\security\SpringSecurityAuditorAware.java
D:\Users\brigitte.kientega\Desktop\developpement\app-gestions-conges\src\main\java\bf\mfptps\appgestionsconges\service\dto\ExempleDTO.java
D:\Users\brigitte.kientega\Desktop\developpement\app-gestions-conges\src\main\java\bf\mfptps\appgestionsconges\service\impl\NotificationAgentServiceImpl.java
D:\Users\brigitte.kientega\Desktop\developpement\app-gestions-conges\src\main\java\bf\mfptps\appgestionsconges\entities\ModalitePaie.java
D:\Users\brigitte.kientega\Desktop\developpement\app-gestions-conges\src\main\java\bf\mfptps\appgestionsconges\enums\Sexe.java
D:\Users\brigitte.kientega\Desktop\developpement\app-gestions-conges\src\main\java\bf\mfptps\appgestionsconges\service\dto\ValidationDTO.java
D:\Users\brigitte.kientega\Desktop\developpement\app-gestions-conges\src\main\java\bf\mfptps\appgestionsconges\service\impl\DemandeServiceImpl.java
D:\Users\brigitte.kientega\Desktop\developpement\app-gestions-conges\src\main\java\bf\mfptps\appgestionsconges\web\TypeVisaController.java
D:\Users\brigitte.kientega\Desktop\developpement\app-gestions-conges\src\main\java\bf\mfptps\appgestionsconges\web\DemandeController.java
D:\Users\brigitte.kientega\Desktop\developpement\app-gestions-conges\src\main\java\bf\mfptps\appgestionsconges\entities\MotifAbsence.java
D:\Users\brigitte.kientega\Desktop\developpement\app-gestions-conges\src\main\java\bf\mfptps\appgestionsconges\web\exceptions\ErrorConstants.java
D:\Users\brigitte.kientega\Desktop\developpement\app-gestions-conges\src\main\java\bf\mfptps\appgestionsconges\entities\Visa.java
D:\Users\brigitte.kientega\Desktop\developpement\app-gestions-conges\src\main\java\bf\mfptps\appgestionsconges\security\UserNotActivatedException.java
D:\Users\brigitte.kientega\Desktop\developpement\app-gestions-conges\src\main\java\bf\mfptps\appgestionsconges\service\DocumentService.java
D:\Users\brigitte.kientega\Desktop\developpement\app-gestions-conges\src\main\java\bf\mfptps\appgestionsconges\service\InvalidPasswordException.java
D:\Users\brigitte.kientega\Desktop\developpement\app-gestions-conges\src\main\java\bf\mfptps\appgestionsconges\security\jwt\JWTConfigurer.java
D:\Users\brigitte.kientega\Desktop\developpement\app-gestions-conges\src\main\java\bf\mfptps\appgestionsconges\entities\CommonEntity.java
D:\Users\brigitte.kientega\Desktop\developpement\app-gestions-conges\src\main\java\bf\mfptps\appgestionsconges\service\mapper\TypeDemandeMapper.java
D:\Users\brigitte.kientega\Desktop\developpement\app-gestions-conges\src\main\java\bf\mfptps\appgestionsconges\repositories\AgentRepository.java
D:\Users\brigitte.kientega\Desktop\developpement\app-gestions-conges\src\main\java\bf\mfptps\appgestionsconges\security\DomainUserDetailService.java
D:\Users\brigitte.kientega\Desktop\developpement\app-gestions-conges\src\main\java\bf\mfptps\appgestionsconges\service\dto\AgentDTO.java
D:\Users\brigitte.kientega\Desktop\developpement\app-gestions-conges\src\main\java\bf\mfptps\appgestionsconges\service\mapper\ArticleMapper.java
D:\Users\brigitte.kientega\Desktop\developpement\app-gestions-conges\src\main\java\bf\mfptps\appgestionsconges\service\dto\DemandeDTO.java
D:\Users\brigitte.kientega\Desktop\developpement\app-gestions-conges\src\main\java\bf\mfptps\appgestionsconges\service\mapper\TypeVisaMapper.java
D:\Users\brigitte.kientega\Desktop\developpement\app-gestions-conges\src\main\java\bf\mfptps\appgestionsconges\repositories\NotificationRepository.java
D:\Users\brigitte.kientega\Desktop\developpement\app-gestions-conges\src\main\java\bf\mfptps\appgestionsconges\web\ImportDataController.java
D:\Users\brigitte.kientega\Desktop\developpement\app-gestions-conges\src\main\java\bf\mfptps\appgestionsconges\web\exceptions\EntityNotFoundException.java
D:\Users\brigitte.kientega\Desktop\developpement\app-gestions-conges\src\main\java\bf\mfptps\appgestionsconges\service\impl\TypeVisaServiceImpl.java
D:\Users\brigitte.kientega\Desktop\developpement\app-gestions-conges\src\main\java\bf\mfptps\appgestionsconges\config\Constants.java
D:\Users\brigitte.kientega\Desktop\developpement\app-gestions-conges\src\main\java\bf\mfptps\appgestionsconges\entities\Utilisateur.java
D:\Users\brigitte.kientega\Desktop\developpement\app-gestions-conges\src\main\java\bf\mfptps\appgestionsconges\repositories\MotifAbsenceRepository.java
D:\Users\brigitte.kientega\Desktop\developpement\app-gestions-conges\src\main\java\bf\mfptps\appgestionsconges\service\impl\ImportDataServiceImpl.java
D:\Users\brigitte.kientega\Desktop\developpement\app-gestions-conges\src\main\java\bf\mfptps\appgestionsconges\repositories\UtilisateurRepository.java
D:\Users\brigitte.kientega\Desktop\developpement\app-gestions-conges\src\main\java\bf\mfptps\appgestionsconges\service\mapper\MinistereMapper.java
D:\Users\brigitte.kientega\Desktop\developpement\app-gestions-conges\src\main\java\bf\mfptps\appgestionsconges\entities\TypeActe.java
D:\Users\brigitte.kientega\Desktop\developpement\app-gestions-conges\src\main\java\bf\mfptps\appgestionsconges\service\impl\MotifAbsenceServiceImpl.java
D:\Users\brigitte.kientega\Desktop\developpement\app-gestions-conges\src\main\java\bf\mfptps\appgestionsconges\enums\EPorteActe.java
D:\Users\brigitte.kientega\Desktop\developpement\app-gestions-conges\src\main\java\bf\mfptps\appgestionsconges\service\mapper\TypeActeMapper.java
D:\Users\brigitte.kientega\Desktop\developpement\app-gestions-conges\src\main\java\bf\mfptps\appgestionsconges\config\DatabaseConfiguration.java
D:\Users\brigitte.kientega\Desktop\developpement\app-gestions-conges\src\main\java\bf\mfptps\appgestionsconges\repositories\AmpliationRepository.java
D:\Users\brigitte.kientega\Desktop\developpement\app-gestions-conges\src\main\java\bf\mfptps\appgestionsconges\service\impl\NotificationServiceImpl.java
D:\Users\brigitte.kientega\Desktop\developpement\app-gestions-conges\src\main\java\bf\mfptps\appgestionsconges\service\dto\VisaDTO.java
D:\Users\brigitte.kientega\Desktop\developpement\app-gestions-conges\src\main\java\bf\mfptps\appgestionsconges\entities\TypeDemande.java
D:\Users\brigitte.kientega\Desktop\developpement\app-gestions-conges\src\main\java\bf\mfptps\appgestionsconges\service\VisaService.java
D:\Users\brigitte.kientega\Desktop\developpement\app-gestions-conges\src\main\java\bf\mfptps\appgestionsconges\service\dto\CreateCompteRequest.java
D:\Users\brigitte.kientega\Desktop\developpement\app-gestions-conges\src\main\java\bf\mfptps\appgestionsconges\service\dto\TypeDemandeDTO.java
D:\Users\brigitte.kientega\Desktop\developpement\app-gestions-conges\src\main\java\bf\mfptps\appgestionsconges\entities\Privilege.java
D:\Users\brigitte.kientega\Desktop\developpement\app-gestions-conges\src\main\java\bf\mfptps\appgestionsconges\service\MotifAbsenceService.java
D:\Users\brigitte.kientega\Desktop\developpement\app-gestions-conges\src\main\java\bf\mfptps\appgestionsconges\entities\ArticleTypeDemande.java
D:\Users\brigitte.kientega\Desktop\developpement\app-gestions-conges\src\main\java\bf\mfptps\appgestionsconges\entities\Profile.java
D:\Users\brigitte.kientega\Desktop\developpement\app-gestions-conges\src\main\java\bf\mfptps\appgestionsconges\queryCriteria\DemandeQueryCriteria.java
D:\Users\brigitte.kientega\Desktop\developpement\app-gestions-conges\src\main\java\bf\mfptps\appgestionsconges\service\CustomException.java
D:\Users\brigitte.kientega\Desktop\developpement\app-gestions-conges\src\main\java\bf\mfptps\appgestionsconges\service\impl\ModalitePaieServiceImpl.java
D:\Users\brigitte.kientega\Desktop\developpement\app-gestions-conges\src\main\java\bf\mfptps\appgestionsconges\service\dto\ValideDemandeDto.java
D:\Users\brigitte.kientega\Desktop\developpement\app-gestions-conges\src\main\java\bf\mfptps\appgestionsconges\service\dto\PayReturnData.java
D:\Users\brigitte.kientega\Desktop\developpement\app-gestions-conges\src\main\java\bf\mfptps\appgestionsconges\service\TypeStructureService.java
D:\Users\brigitte.kientega\Desktop\developpement\app-gestions-conges\src\main\java\bf\mfptps\appgestionsconges\enums\EStatusDemande.java
D:\Users\brigitte.kientega\Desktop\developpement\app-gestions-conges\src\main\java\bf\mfptps\appgestionsconges\repositories\ModalitePaieRepository.java
D:\Users\brigitte.kientega\Desktop\developpement\app-gestions-conges\src\main\java\bf\mfptps\appgestionsconges\service\mapper\StructureMapper.java
D:\Users\brigitte.kientega\Desktop\developpement\app-gestions-conges\src\main\java\bf\mfptps\appgestionsconges\utils\ResponseUtil.java
D:\Users\brigitte.kientega\Desktop\developpement\app-gestions-conges\src\main\java\bf\mfptps\appgestionsconges\entities\Agent.java
D:\Users\brigitte.kientega\Desktop\developpement\app-gestions-conges\src\main\java\bf\mfptps\appgestionsconges\service\mapper\ProfileMapper.java
D:\Users\brigitte.kientega\Desktop\developpement\app-gestions-conges\src\main\java\bf\mfptps\appgestionsconges\service\mapper\VisaMapper.java
D:\Users\brigitte.kientega\Desktop\developpement\app-gestions-conges\src\main\java\bf\mfptps\appgestionsconges\service\impl\PrivilegeServiceImpl.java
D:\Users\brigitte.kientega\Desktop\developpement\app-gestions-conges\src\main\java\bf\mfptps\appgestionsconges\entities\AgentStructure.java
D:\Users\brigitte.kientega\Desktop\developpement\app-gestions-conges\src\main\java\bf\mfptps\appgestionsconges\repositories\AgentStructureRepository.java
D:\Users\brigitte.kientega\Desktop\developpement\app-gestions-conges\src\main\java\bf\mfptps\appgestionsconges\service\dto\ActivateCompteRequest.java
D:\Users\brigitte.kientega\Desktop\developpement\app-gestions-conges\src\main\java\bf\mfptps\appgestionsconges\service\dto\MinistereDTO.java
D:\Users\brigitte.kientega\Desktop\developpement\app-gestions-conges\src\main\java\bf\mfptps\appgestionsconges\enums\EStatusActe.java
D:\Users\brigitte.kientega\Desktop\developpement\app-gestions-conges\src\main\java\bf\mfptps\appgestionsconges\service\TypeActeService.java
D:\Users\brigitte.kientega\Desktop\developpement\app-gestions-conges\src\main\java\bf\mfptps\appgestionsconges\service\impl\MinistereServiceImpl.java
D:\Users\brigitte.kientega\Desktop\developpement\app-gestions-conges\src\main\java\bf\mfptps\appgestionsconges\repositories\ArticleRepository.java
D:\Users\brigitte.kientega\Desktop\developpement\app-gestions-conges\src\main\java\bf\mfptps\appgestionsconges\enums\EPositionDemande.java
D:\Users\brigitte.kientega\Desktop\developpement\app-gestions-conges\src\main\java\bf\mfptps\appgestionsconges\service\ArticleService.java
D:\Users\brigitte.kientega\Desktop\developpement\app-gestions-conges\src\main\java\bf\mfptps\appgestionsconges\service\dto\MinistereStructureDTO.java
D:\Users\brigitte.kientega\Desktop\developpement\app-gestions-conges\src\main\java\bf\mfptps\appgestionsconges\service\impl\AmpliationServiceImpl.java
D:\Users\brigitte.kientega\Desktop\developpement\app-gestions-conges\src\main\java\bf\mfptps\appgestionsconges\entities\AgentSolde.java
D:\Users\brigitte.kientega\Desktop\developpement\app-gestions-conges\src\main\java\bf\mfptps\appgestionsconges\web\exceptions\EmailAlreadyUsedException.java
D:\Users\brigitte.kientega\Desktop\developpement\app-gestions-conges\src\main\java\bf\mfptps\appgestionsconges\service\dto\ActivateCompteResponse.java
D:\Users\brigitte.kientega\Desktop\developpement\app-gestions-conges\src\main\java\bf\mfptps\appgestionsconges\service\StructureService.java
D:\Users\brigitte.kientega\Desktop\developpement\app-gestions-conges\src\main\java\bf\mfptps\appgestionsconges\entities\Ampliation.java
D:\Users\brigitte.kientega\Desktop\developpement\app-gestions-conges\src\main\java\bf\mfptps\appgestionsconges\service\PrivilegeService.java
D:\Users\brigitte.kientega\Desktop\developpement\app-gestions-conges\src\main\java\bf\mfptps\appgestionsconges\entities\TypeVisaKey.java
D:\Users\brigitte.kientega\Desktop\developpement\app-gestions-conges\src\main\java\bf\mfptps\appgestionsconges\repositories\TypeVisaRepository.java
D:\Users\brigitte.kientega\Desktop\developpement\app-gestions-conges\src\main\java\bf\mfptps\appgestionsconges\service\dto\CorpsDTO.java
D:\Users\brigitte.kientega\Desktop\developpement\app-gestions-conges\src\main\java\bf\mfptps\appgestionsconges\utils\AppJsonConverter.java
D:\Users\brigitte.kientega\Desktop\developpement\app-gestions-conges\src\main\java\bf\mfptps\appgestionsconges\web\AmpliationController.java
D:\Users\brigitte.kientega\Desktop\developpement\app-gestions-conges\src\main\java\bf\mfptps\appgestionsconges\web\ModalitePaieController.java
D:\Users\brigitte.kientega\Desktop\developpement\app-gestions-conges\src\main\java\bf\mfptps\appgestionsconges\config\LoggingAspectConfiguration.java
D:\Users\brigitte.kientega\Desktop\developpement\app-gestions-conges\src\main\java\bf\mfptps\appgestionsconges\entities\Corps.java
D:\Users\brigitte.kientega\Desktop\developpement\app-gestions-conges\src\main\java\bf\mfptps\appgestionsconges\service\impl\TypeDemandeServiceImpl.java
D:\Users\brigitte.kientega\Desktop\developpement\app-gestions-conges\src\main\java\bf\mfptps\appgestionsconges\web\MinistereController.java
D:\Users\brigitte.kientega\Desktop\developpement\app-gestions-conges\src\main\java\bf\mfptps\appgestionsconges\service\dto\ActivatedPassword.java
D:\Users\brigitte.kientega\Desktop\developpement\app-gestions-conges\src\main\java\bf\mfptps\appgestionsconges\service\dto\NotificationDTO.java
D:\Users\brigitte.kientega\Desktop\developpement\app-gestions-conges\src\main\java\bf\mfptps\appgestionsconges\service\dto\AvisDTO.java
D:\Users\brigitte.kientega\Desktop\developpement\app-gestions-conges\src\main\java\bf\mfptps\appgestionsconges\service\impl\TypeStructureServiceImpl.java
D:\Users\brigitte.kientega\Desktop\developpement\app-gestions-conges\src\main\java\bf\mfptps\appgestionsconges\web\NotificationController.java
D:\Users\brigitte.kientega\Desktop\developpement\app-gestions-conges\src\main\java\bf\mfptps\appgestionsconges\service\mapper\DemandeMapper.java
D:\Users\brigitte.kientega\Desktop\developpement\app-gestions-conges\src\main\java\bf\mfptps\appgestionsconges\utils\WordReplacer.java
D:\Users\brigitte.kientega\Desktop\developpement\app-gestions-conges\src\main\java\bf\mfptps\appgestionsconges\web\AccountController.java
D:\Users\brigitte.kientega\Desktop\developpement\app-gestions-conges\src\main\java\bf\mfptps\appgestionsconges\web\MotifAbsenceController.java
D:\Users\brigitte.kientega\Desktop\developpement\app-gestions-conges\src\main\java\bf\mfptps\appgestionsconges\service\ProfileService.java
D:\Users\brigitte.kientega\Desktop\developpement\app-gestions-conges\src\main\java\bf\mfptps\appgestionsconges\service\dto\MotifAbsenceDTO.java
D:\Users\brigitte.kientega\Desktop\developpement\app-gestions-conges\src\main\java\bf\mfptps\appgestionsconges\entities\MinistereStructure.java
D:\Users\brigitte.kientega\Desktop\developpement\app-gestions-conges\src\main\java\bf\mfptps\appgestionsconges\enums\ETypeValidation.java
